\BOOKMARK [1][]{section.1}{\376\377\000R\000e\000s\000u\000m\000e\000n}{}% 1
\BOOKMARK [1][]{section.2}{\376\377\000I\000n\000t\000r\000o\000d\000u\000c\000c\000i\000\363\000n}{}% 2
\BOOKMARK [1][]{section.3}{\376\377\000P\000a\000r\000t\000e\000\040\000I\000:\000\040\000t\000r\000a\000n\000s\000i\000s\000t\000o\000r\000\040\000c\000a\000n\000a\000l\000\040\000l\000a\000r\000g\000o}{}% 3
\BOOKMARK [2][]{subsection.3.1}{\376\377\000P\000a\000r\000\341\000m\000e\000t\000r\000o\000s\000\040\000d\000e\000\040\000l\000a\000\040\000e\000s\000t\000r\000u\000c\000t\000u\000r\000a\000\040\000M\000O\000S}{section.3}% 4
\BOOKMARK [2][]{subsection.3.2}{\376\377\000C\000u\000r\000v\000a\000\040\000s\000,\000d\000\040\000v\000s\000\040\000V\000D\000S}{section.3}% 5
\BOOKMARK [2][]{subsection.3.3}{\376\377\000C\000\341\000l\000c\000u\000l\000o\000\040\000d\000e\000\040\000l\000a\000\040\000c\000u\000r\000v\000a\000\040\000d\000e\000\040\000s\000a\000l\000i\000d\000a\000\040\000I\000D\000\040\000v\000s\000.\000\040\000V\000D\000S}{section.3}% 6
\BOOKMARK [2][]{subsection.3.4}{\376\377\000C\000a\000l\000c\000u\000l\000o\000\040\000d\000e\000\040\000l\000a\000\040\000c\000u\000r\000v\000a\000\040\000d\000e\000\040\000t\000r\000a\000n\000s\000f\000e\000r\000e\000n\000c\000i\000a\000\040\000I\000D\000\040\000v\000s\000\040\000V\000G\000S}{section.3}% 7
\BOOKMARK [1][]{section.4}{\376\377\000P\000a\000r\000t\000e\000\040\000I\000I}{}% 8
\BOOKMARK [2][]{subsection.4.1}{\376\377\000P\000a\000r\000\341\000m\000e\000t\000r\000o\000s\000\040\000d\000e\000\040\000l\000a\000\040\000e\000s\000t\000r\000u\000c\000t\000u\000r\000a\000\040\000M\000O\000S\000\040\000l\000u\000e\000g\000o\000\040\000d\000e\000l\000\040\000e\000s\000c\000a\000l\000a\000m\000i\000e\000n\000t\000o}{section.4}% 9
\BOOKMARK [2][]{subsection.4.2}{\376\377\000C\000u\000r\000v\000a\000\040\000d\000e\000\040\000s\000a\000l\000i\000d\000a\000\040\000I\000D\000\040\000v\000s\000.\000\040\000V\000D\000S}{section.4}% 10
\BOOKMARK [2][]{subsection.4.3}{\376\377\000M\000o\000d\000u\000l\000a\000c\000i\000\363\000n\000\040\000d\000e\000l\000\040\000c\000a\000n\000a\000l}{section.4}% 11
\BOOKMARK [2][]{subsection.4.4}{\376\377\000R\000e\000d\000u\000c\000c\000i\000\363\000n\000\040\000d\000e\000\040\000l\000a\000\040\000b\000a\000r\000r\000e\000r\000a\000\040\000i\000n\000d\000u\000c\000i\000d\000a\000\040\000p\000o\000r\000\040\000d\000r\000a\000i\000n\000\040\000\050\000D\000I\000B\000L\000\051}{section.4}% 12
\BOOKMARK [2][]{subsection.4.5}{\376\377\000D\000e\000g\000r\000a\000d\000a\000c\000i\000\363\000n\000\040\000d\000e\000\040\000l\000a\000\040\000m\000o\000v\000i\000l\000i\000d\000a\000d}{section.4}% 13
\BOOKMARK [2][]{subsection.4.6}{\376\377\000S\000a\000t\000u\000r\000a\000c\000i\000\363\000n\000\040\000d\000e\000\040\000l\000a\000\040\000v\000e\000l\000o\000c\000i\000d\000a\000d\000\040\000d\000e\000\040\000a\000r\000r\000a\000s\000t\000r\000e}{section.4}% 14
\BOOKMARK [2][]{subsection.4.7}{\376\377\000C\000u\000r\000v\000a\000\040\000d\000e\000\040\000s\000a\000l\000i\000d\000a\000\040\000d\000e\000\040\000M\000O\000S\000F\000E\000T\000\040\000c\000a\000n\000a\000l\000\040\000c\000o\000r\000t\000o}{section.4}% 15
\BOOKMARK [2][]{subsection.4.8}{\376\377\000A\000n\000\341\000l\000i\000s\000i\000s\000\040\000d\000e\000\040\000r\000e\000s\000u\000l\000t\000a\000d\000o\000s}{section.4}% 16
\BOOKMARK [1][]{section.5}{\376\377\000C\000o\000n\000c\000l\000u\000s\000i\000o\000n\000e\000s}{}% 17
\BOOKMARK [1][]{section.A}{\376\377\000C\000\363\000d\000i\000g\000o\000\040\000u\000t\000i\000l\000i\000z\000a\000d\000o}{}% 18
\BOOKMARK [2][]{subsection.A.1}{\376\377\000P\000a\000r\000t\000e\000\040\000I}{section.A}% 19
\BOOKMARK [2][]{subsection.A.2}{\376\377\000P\000a\000r\000t\000e\000\040\000I\000I}{section.A}% 20
